<testsuite name="example-tests" tests="2" failures="0" errors="0" skipped="0">
    <testcase classname="example.Class1" name="testOne"/>
    <testcase classname="example.Class1" name="testTwo"/>
</testsuite>
